[24204:42352:0613/215519.296:WARNING:chrome_main_delegate.cc(745)] This is Chrome version 128.0.6613.138 (not a warning)
[24204:16804:0613/215519.637:ERROR:google_update_settings.cc(265)] Failed opening key Software\Chromium to set usagestats; result: 5
[24204:42352:0613/215519.774:WARNING:account_consistency_mode_manager.cc(77)] Desktop Identity Consistency cannot be enabled as no OAuth client ID and client secret have been configured.
[24204:42352:0613/215532.965:WARNING:external_registry_loader_win.cc(232)] Error observing HKLM: 5
[20920:40008:0613/215538.335:WARNING:frame_impl.cc(430)] virtual CefFrameImpl::SendProcessMessage sent to detached frame 5-41ABB9F605F883A35EC93865C79BAA3A will be ignored
[43352:40528:0613/224744.945:WARNING:frame_impl.cc(430)] virtual CefFrameImpl::SendProcessMessage sent to detached frame 8-49AD538D672BA9D58CF232E7FCB22DFC will be ignored
[40336:38488:0613/224937.179:WARNING:angle_platform_impl.cc(49)] HLSLCompiler.cpp:250 (rx::HLSLCompiler::compileToBinary): 
C:\fakepath(103,1-6): warning X4000: use of potentially uninitialized variable (dyn_index_vec4_float4_int)

[40336:43104:0613/224937.328:WARNING:angle_platform_impl.cc(49)] HLSLCompiler.cpp:250 (rx::HLSLCompiler::compileToBinary): 
C:\fakepath(136,1): warning X4000: use of potentially uninitialized variable (f_i_int_int_int2)
C:\fakepath(138,1): warning X4000: use of potentially uninitialized variable (f_i_int_int_int2)
C:\fakepath(174,1): warning X4000: use of potentially uninitialized variable (f_u_int_int_int)

[40336:44584:0613/224937.683:WARNING:angle_platform_impl.cc(49)] HLSLCompiler.cpp:250 (rx::HLSLCompiler::compileToBinary): 
C:\fakepath(166,1): warning X4000: use of potentially uninitialized variable (f_renderMipMapLevel_int)

[40336:43104:0613/224937.701:WARNING:angle_platform_impl.cc(49)] HLSLCompiler.cpp:250 (rx::HLSLCompiler::compileToBinary): 
C:\fakepath(166,1): warning X4000: use of potentially uninitialized variable (f_renderMipMapLevel_int)

[40336:6876:0613/224937.841:WARNING:angle_platform_impl.cc(49)] HLSLCompiler.cpp:250 (rx::HLSLCompiler::compileToBinary): 
C:\fakepath(382,11-39): warning X4008: floating point division by zero
C:\fakepath(382,11-39): warning X4008: floating point division by zero

[40336:40300:0613/224938.115:ERROR:gl_utils.cc(415)] [.WebGL-00001E5000373F00] GL_INVALID_OPERATION: Two textures of different types use the same sampler location.
[40336:40300:0613/224938.120:ERROR:gl_utils.cc(415)] [.WebGL-00001E5000373F00] GL_INVALID_OPERATION: Two textures of different types use the same sampler location.
[40336:40300:0613/224938.131:ERROR:gl_utils.cc(415)] [.WebGL-00001E5000373F00] GL_INVALID_OPERATION: Two textures of different types use the same sampler location.
[40336:40300:0613/224938.131:ERROR:gl_utils.cc(415)] [.WebGL-00001E5000373F00] GL_INVALID_OPERATION: Two textures of different types use the same sampler location.
[40336:40300:0613/224942.195:ERROR:shared_image_manager.cc(224)] SharedImageManager::ProduceSkia: Trying to Produce a Skia representation from a non-existent mailbox.
[40336:38488:0613/233506.501:WARNING:angle_platform_impl.cc(49)] HLSLCompiler.cpp:250 (rx::HLSLCompiler::compileToBinary): 
C:\fakepath(382,11-39): warning X4008: floating point division by zero
C:\fakepath(382,11-39): warning X4008: floating point division by zero

[24204:42352:0614/030358.624:WARNING:pref_notifier_impl.cc(41)] Pref observer for media_router.cast_allow_all_ips found at shutdown.
