[36896:11988:0530/124039.829:WARNING:chrome_main_delegate.cc(745)] This is Chrome version 128.0.6613.138 (not a warning)
[36896:43232:0530/124040.033:ERROR:google_update_settings.cc(265)] Failed opening key Software\Chromium to set usagestats; result: 5
[36896:11988:0530/124040.129:WARNING:account_consistency_mode_manager.cc(77)] Desktop Identity Consistency cannot be enabled as no OAuth client ID and client secret have been configured.
[36896:11988:0530/124045.989:WARNING:external_registry_loader_win.cc(232)] Error observing HKLM: 5
[12884:44340:0530/124048.522:WARNING:frame_impl.cc(430)] virtual CefFrameImpl::SendProcessMessage sent to detached frame 5-9E9BC78CC16C2F70A010AD5D69BAA980 will be ignored
[36896:32028:0530/124049.337:ERROR:cast_crl.cc(443)] CRL - Verification failed.
[26652:43396:0530/124049.910:WARNING:frame_impl.cc(430)] virtual CefFrameImpl::SendProcessMessage sent to detached frame 6-BD46818A8F3C17A5961A245A19DB1FD9 will be ignored
[38992:17504:0530/125432.601:VERBOSE1:capture_resolution_chooser.cc(205)] Recomputed snapped frame sizes: 1x1
[38992:17504:0530/125432.775:VERBOSE1:video_capture_oracle.cc(250)] Client rejects proposal to capture frame (at #55).
[38992:17504:0530/125432.792:VERBOSE1:video_capture_oracle.cc(250)] Client rejects proposal to capture frame (at #55).
[38992:17504:0530/125432.808:VERBOSE1:video_capture_oracle.cc(250)] Client rejects proposal to capture frame (at #55).
[38992:17504:0530/125432.825:VERBOSE1:video_capture_oracle.cc(250)] Client rejects proposal to capture frame (at #55).
[38992:17504:0530/125432.841:VERBOSE1:video_capture_oracle.cc(250)] Client rejects proposal to capture frame (at #55).
[38992:17504:0530/125432.858:VERBOSE1:video_capture_oracle.cc(250)] Client rejects proposal to capture frame (at #55).
[38992:17504:0530/125432.876:VERBOSE1:video_capture_oracle.cc(250)] Client rejects proposal to capture frame (at #55).
[38992:17504:0530/125432.893:VERBOSE1:video_capture_oracle.cc(250)] Client rejects proposal to capture frame (at #55).
[38992:17504:0530/125432.909:VERBOSE1:video_capture_oracle.cc(250)] Client rejects proposal to capture frame (at #55).
[38992:17504:0530/125432.925:VERBOSE1:video_capture_oracle.cc(250)] Client rejects proposal to capture frame (at #55).
[38992:17504:0530/125432.942:VERBOSE1:video_capture_oracle.cc(250)] Client rejects proposal to capture frame (at #55).
[38992:17504:0530/125432.959:VERBOSE1:video_capture_oracle.cc(250)] Client rejects proposal to capture frame (at #55).
[38992:17504:0530/125432.976:VERBOSE1:video_capture_oracle.cc(250)] Client rejects proposal to capture frame (at #55).
[38992:17504:0530/125432.992:VERBOSE1:video_capture_oracle.cc(250)] Client rejects proposal to capture frame (at #55).
[38992:17504:0530/125433.009:VERBOSE1:video_capture_oracle.cc(250)] Client rejects proposal to capture frame (at #55).
[38992:17504:0530/125433.025:VERBOSE1:video_capture_oracle.cc(250)] Client rejects proposal to capture frame (at #55).
[38992:17504:0530/125433.041:VERBOSE1:video_capture_oracle.cc(250)] Client rejects proposal to capture frame (at #55).
[38992:17504:0530/125433.058:VERBOSE1:video_capture_oracle.cc(250)] Client rejects proposal to capture frame (at #55).
[38992:17504:0530/125433.058:VERBOSE1:capture_resolution_chooser.cc(205)] Recomputed snapped frame sizes: 2560x1336
[38992:17504:0530/125433.058:VERBOSE1:capture_resolution_chooser.cc(157)] Recomputed capture size from 1x1 to 2560x1336 (100% of ideal size)
[38992:17504:0530/125433.058:VERBOSE1:video_capture_oracle.cc(250)] Client rejects proposal to capture frame (at #55).
[38992:17504:0530/125433.075:VERBOSE1:video_capture_oracle.cc(250)] Client rejects proposal to capture frame (at #55).
[38992:17504:0530/125433.091:VERBOSE1:video_capture_oracle.cc(250)] Client rejects proposal to capture frame (at #55).
[38992:17504:0530/125433.105:VERBOSE1:video_capture_oracle.cc(250)] Client rejects proposal to capture frame (at #55).
[38992:17504:0530/125502.862:VERBOSE1:video_capture_oracle.cc(250)] Client rejects proposal to capture frame (at #375).
[38992:17504:0530/125502.878:VERBOSE1:video_capture_oracle.cc(250)] Client rejects proposal to capture frame (at #375).
[38992:17504:0530/125502.894:VERBOSE1:video_capture_oracle.cc(250)] Client rejects proposal to capture frame (at #375).
[38992:17504:0530/125502.911:VERBOSE1:video_capture_oracle.cc(250)] Client rejects proposal to capture frame (at #375).
[38992:17504:0530/125502.927:VERBOSE1:video_capture_oracle.cc(250)] Client rejects proposal to capture frame (at #375).
[38992:17504:0530/125538.528:VERBOSE1:video_capture_oracle.cc(250)] Client rejects proposal to capture frame (at #407).
[38992:17504:0530/125538.561:VERBOSE1:video_capture_oracle.cc(250)] Client rejects proposal to capture frame (at #407).
[38992:17504:0530/125538.579:VERBOSE1:video_capture_oracle.cc(250)] Client rejects proposal to capture frame (at #407).
[38992:17504:0530/125538.612:VERBOSE1:video_capture_oracle.cc(250)] Client rejects proposal to capture frame (at #407).
[38992:17504:0530/125538.644:VERBOSE1:video_capture_oracle.cc(250)] Client rejects proposal to capture frame (at #407).
[38992:17504:0530/125538.745:VERBOSE1:video_capture_oracle.cc(250)] Client rejects proposal to capture frame (at #408).
[38992:17504:0530/125538.895:VERBOSE1:video_capture_oracle.cc(250)] Client rejects proposal to capture frame (at #408).
[38992:17504:0530/125538.995:VERBOSE1:video_capture_oracle.cc(250)] Client rejects proposal to capture frame (at #408).
[38992:17504:0530/125539.479:VERBOSE1:video_capture_oracle.cc(250)] Client rejects proposal to capture frame (at #410).
[38992:17504:0530/125539.646:VERBOSE1:video_capture_oracle.cc(250)] Client rejects proposal to capture frame (at #410).
[38992:17504:0530/125539.979:VERBOSE1:video_capture_oracle.cc(250)] Client rejects proposal to capture frame (at #411).
[38992:17504:0530/125540.113:VERBOSE1:video_capture_oracle.cc(250)] Client rejects proposal to capture frame (at #413).
[38992:17504:0530/125540.139:VERBOSE1:video_capture_oracle.cc(250)] Client rejects proposal to capture frame (at #413).
[38992:17504:0530/125540.191:VERBOSE1:video_capture_oracle.cc(250)] Client rejects proposal to capture frame (at #413).
[38992:17504:0530/125540.861:VERBOSE1:video_capture_oracle.cc(250)] Client rejects proposal to capture frame (at #415).
[38992:17504:0530/125540.897:VERBOSE1:video_capture_oracle.cc(250)] Client rejects proposal to capture frame (at #415).
[38992:17504:0530/125540.909:VERBOSE1:video_capture_oracle.cc(250)] Client rejects proposal to capture frame (at #415).
[38992:17504:0530/125540.926:VERBOSE1:video_capture_oracle.cc(250)] Client rejects proposal to capture frame (at #415).
[38992:17504:0530/125541.110:VERBOSE1:video_capture_oracle.cc(250)] Client rejects proposal to capture frame (at #416).
[38992:17504:0530/125541.313:VERBOSE1:video_capture_oracle.cc(250)] Client rejects proposal to capture frame (at #416).
[38992:17504:0530/125541.960:VERBOSE1:video_capture_oracle.cc(250)] Client rejects proposal to capture frame (at #418).
[38992:17504:0530/125541.995:VERBOSE1:video_capture_oracle.cc(250)] Client rejects proposal to capture frame (at #418).
[38992:17504:0530/125542.855:VERBOSE1:video_capture_oracle.cc(250)] Client rejects proposal to capture frame (at #422).
[38992:17504:0530/125542.862:VERBOSE1:video_capture_oracle.cc(250)] Client rejects proposal to capture frame (at #422).
[38992:17504:0530/125614.809:VERBOSE1:video_capture_oracle.cc(250)] Client rejects proposal to capture frame (at #875).
[38992:17504:0530/125614.825:VERBOSE1:video_capture_oracle.cc(250)] Client rejects proposal to capture frame (at #875).
[36896:32028:0530/130809.188:ERROR:cast_crl.cc(443)] CRL - Verification failed.
[36896:11988:0530/133443.936:WARNING:pref_notifier_impl.cc(41)] Pref observer for media_router.cast_allow_all_ips found at shutdown.
